
> m-k-enterprises@0.1.0 start
> react-scripts start

Browserslist: caniuse-lite is outdated. Please run:
  npx update-browserslist-db@latest
  Why you should do it regularly: https://github.com/browserslist/update-db#readme
(node:3824) [DEP_WEBPACK_DEV_SERVER_ON_AFTER_SETUP_MIDDLEWARE] DeprecationWarning: 'onAfterSetupMiddleware' option is deprecated. Please use the 'setupMiddlewares' option.
(Use `node --trace-deprecation ...` to show where the warning was created)
(node:3824) [DEP_WEBPACK_DEV_SERVER_ON_BEFORE_SETUP_MIDDLEWARE] DeprecationWarning: 'onBeforeSetupMiddleware' option is deprecated. Please use the 'setupMiddlewares' option.
Starting the development server...

Compiled successfully!

You can now view m-k-enterprises in the browser.

  Local:            http://localhost:3000
  On Your Network:  http://192.168.0.2:3000

Note that the development build is not optimized.
To create a production build, use yarn build.

LOG from ./node_modules/sass-loader/dist/cjs.js sass-loader ./node_modules/css-loader/dist/cjs.js??ruleSet[1].rules[1].oneOf[7].use[1]!./node_modules/postcss-loader/dist/cjs.js??ruleSet[1].rules[1].oneOf[7].use[2]!./node_modules/resolve-url-loader/index.js??ruleSet[1].rules[1].oneOf[7].use[3]!./node_modules/sass-loader/dist/cjs.js??ruleSet[1].rules[1].oneOf[7].use[4]!./src/App.scss
<w> Deprecation $weight: Passing a number without unit % (100) is deprecated.
<w>
<w> To preserve current behavior: $weight * 1%
<w>
<w> More info: https://sass-lang.com/d/function-units
<w>
<w> node_modules/bootstrap/scss/_functions.scss 201:11                               opaque()
<w> node_modules/bootstrap/scss/mixins/_table-variants.scss 4:28                     table-variant()
<w> node_modules/bootstrap/scss/_tables.scss 147:3                                   @import
<w> node_modules/@smolpack/bootstrap-extensions/scss/bootstrap-extensions.scss 19:9  @import
<w> src/App.scss 27:9                                                                root stylesheet
<w>

webpack compiled successfully
No issues found.
